
> crm-app@0.1.0 build
> next build

Γû▓ Next.js 16.3.4 (Turbopack)
- Environments: .env.local
Γ£ô Running next.config.ts took 69ms

ΓÜá The "middleware" file convention is deprecated. Please use "proxy" instead.

  To migrate automatically, run:
  npx @next/codemod@canary middleware-to-proxy .

  Learn more: https://nextjs.org/docs/messages/middleware-to-proxy
  Creating an optimized production build ...

> Build error occurred
Error: Turbopack build failed with 4 errors:
./app/invoices/[id]/edit/page.tsx:36:9
Error: 'const' declarations must be initialized
  34 |   const [isLoading, setIsLoading] = useState(false)
  35 |   const [clients, setClients] = useState<{ id: string; full_name: string }[]>([])
> 36 |   const [services, setServices]
     |         ^^^^^^^^^^^^^^^^^^^^^^^
  37 |
  38 |   useEffect(() => {
  39 |     async function loadData() {

Parsing ecmascript source code failed


./app/quotations/[id]/edit/page.tsx:35:9
Error: 'const' declarations must be initialized
  33 |   const [isLoading, setIsLoading] = useState(false)
  34 |   const [clients, setClients] = useState<{ id: string; full_name: string }[]>([])
> 35 |   const [services, setServices]
     |         ^^^^^^^^^^^^^^^^^^^^^^^
  36 |
  37 |   useEffect(() => {
  38 |     async function loadData() {

Parsing ecmascript source code failed


./app/invoices/[id]/edit/page.tsx:38:3
Error: The left-hand side of an assignment expression must be a variable or a property access.
  36 |   const [services, setServices]
  37 |
> 38 |   useEffect(() => {
     |   ^^^^^^^^^^^^^^^^
> 39 |     async function loadData() {
     | ^^^^^^^^^^^^^^^^^^^^^^^^^^^^^^^
> 40 |       const sb = createClientBrowser()
     | ^^^^^^^^^^^^^^^^^^^^^^^^^^^^^^^^^^^^^^
> 41 |       const [cRes, sRes, iRes] = await Promise.all([
     | ^^^^^^^^^^^^^^^^^^^^^^^^^^^^^^^^^^^^^^^^^^^^^^^^^^^^
> 42 |         sb.from('clients').select('id, full_name'),
     | ^^^^^^^^^^^^^^^^^^^^^^^^^^^^^^^^^^^^^^^^^^^^^^^^^^^
> 43 |         sb.from('services').select('id, name, base_price'),
     | ^^^^^^^^^^^^^^^^^^^^^^^^^^^^^^^^^^^^^^^^^^^^^^^^^^^^^^^^^^^
> 44 |         sb.from('invoices').select('*, invoice_items(*)').eq('id', id).single()
     | ^^^^^^^^^^^^^^^^^^^^^^^^^^^^^^^^^^^^^^^^^^^^^^^^^^^^^^^^^^^^^^^^^^^^^^^^^^^^^^^
> 45 |       ])
     | ^^^^^^^^
> 46 |       setClients(cRes.data || [])
     | ^^^^^^^^^^^^^^^^^^^^^^^^^^^^^^^^^
> 47 |       setServices(sRes.data || [])
     | ^^^^^^^^^^^^^^^^^^^^^^^^^^^^^^^^^^
> 48 |       if (iRes.data) {
     | ^^^^^^^^^^^^^^^^^^^^^^
> 49 |         const items = iRes.data.invoice_items.map((i: any) => ({
     | ^^^^^^^^^^^^^^^^^^^^^^^^^^^^^^^^^^^^^^^^^^^^^^^^^^^^^^^^^^^^^^^^
> 50 |           service_id: i.service_id, quantity: i.quantity, unit_price: i.unit_price, descri...
     | ^^^^^^^^^^^^^^^^^^^^^^^^^^^^^^^^^^^^^^^^^^^^^^^^^^^^^^^^^^^^^^^^^^^^^^^^^^^^^^^^^^^^^^^^^^^^^
> 51 |         }))
     | ^^^^^^^^^^^
> 52 |         reset({
     | ^^^^^^^^^^^^^^^
> 53 |           client_id: iRes.data.client_id, invoice_number: iRes.data.invoice_number, status...
     | ^^^^^^^^^^^^^^^^^^^^^^^^^^^^^^^^^^^^^^^^^^^^^^^^^^^^^^^^^^^^^^^^^^^^^^^^^^^^^^^^^^^^^^^^^^^^^
> 54 |           due_date: iRes.data.due_date, items: items.length > 0 ? items : [{ service_id: '...
     | ^^^^^^^^^^^^^^^^^^^^^^^^^^^^^^^^^^^^^^^^^^^^^^^^^^^^^^^^^^^^^^^^^^^^^^^^^^^^^^^^^^^^^^^^^^^^^
> 55 |         })
     | ^^^^^^^^^^
> 56 |       }
     | ^^^^^^^
> 57 |     }
     | ^^^^^
> 58 |     loadData()
     | ^^^^^^^^^^^^^^
> 59 |   }, [id, reset]) = useState<{ id: string; name: string; base_price: number }[]>([])
     | ^^^^^^^^^^^^^^^^^
  60 |
  61 |   const { register, control, handleSubmit, watch, setValue, reset, formState: { errors } }...
  62 |     resolver: zodResolver(schema),

Parsing ecmascript source code failed


./app/quotations/[id]/edit/page.tsx:37:3
Error: The left-hand side of an assignment expression must be a variable or a property access.
  35 |   const [services, setServices]
  36 |
> 37 |   useEffect(() => {
     |   ^^^^^^^^^^^^^^^^
> 38 |     async function loadData() {
     | ^^^^^^^^^^^^^^^^^^^^^^^^^^^^^^^
> 39 |       const sb = createClientBrowser()
     | ^^^^^^^^^^^^^^^^^^^^^^^^^^^^^^^^^^^^^^
> 40 |       const [cRes, sRes, qRes] = await Promise.all([
     | ^^^^^^^^^^^^^^^^^^^^^^^^^^^^^^^^^^^^^^^^^^^^^^^^^^^^
> 41 |         sb.from('clients').select('id, full_name'),
     | ^^^^^^^^^^^^^^^^^^^^^^^^^^^^^^^^^^^^^^^^^^^^^^^^^^^
> 42 |         sb.from('services').select('id, name, base_price'),
     | ^^^^^^^^^^^^^^^^^^^^^^^^^^^^^^^^^^^^^^^^^^^^^^^^^^^^^^^^^^^
> 43 |         sb.from('quotations').select('*, quotation_items(*)').eq('id', id).single()
     | ^^^^^^^^^^^^^^^^^^^^^^^^^^^^^^^^^^^^^^^^^^^^^^^^^^^^^^^^^^^^^^^^^^^^^^^^^^^^^^^^^^^
> 44 |       ])
     | ^^^^^^^^
> 45 |       setClients(cRes.data || [])
     | ^^^^^^^^^^^^^^^^^^^^^^^^^^^^^^^^^
> 46 |       setServices(sRes.data || [])
     | ^^^^^^^^^^^^^^^^^^^^^^^^^^^^^^^^^^
> 47 |       if (qRes.data) {
     | ^^^^^^^^^^^^^^^^^^^^^^
> 48 |         const items = qRes.data.quotation_items.map((i: any) => ({
     | ^^^^^^^^^^^^^^^^^^^^^^^^^^^^^^^^^^^^^^^^^^^^^^^^^^^^^^^^^^^^^^^^^^
> 49 |           service_id: i.service_id, quantity: i.quantity, unit_price: i.unit_price, descri...
     | ^^^^^^^^^^^^^^^^^^^^^^^^^^^^^^^^^^^^^^^^^^^^^^^^^^^^^^^^^^^^^^^^^^^^^^^^^^^^^^^^^^^^^^^^^^^^^
> 50 |         }))
     | ^^^^^^^^^^^
> 51 |         reset({
     | ^^^^^^^^^^^^^^^
> 52 |           client_id: qRes.data.client_id, quotation_number: qRes.data.quotation_number, st...
     | ^^^^^^^^^^^^^^^^^^^^^^^^^^^^^^^^^^^^^^^^^^^^^^^^^^^^^^^^^^^^^^^^^^^^^^^^^^^^^^^^^^^^^^^^^^^^^
> 53 |           items: items.length > 0 ? items : [{ service_id: '', quantity: 1, unit_price: 0 }],
     | ^^^^^^^^^^^^^^^^^^^^^^^^^^^^^^^^^^^^^^^^^^^^^^^^^^^^^^^^^^^^^^^^^^^^^^^^^^^^^^^^^^^^^^^^^^^^^
> 54 |         })
     | ^^^^^^^^^^
> 55 |       }
     | ^^^^^^^
> 56 |     }
     | ^^^^^
> 57 |     loadData()
     | ^^^^^^^^^^^^^^
> 58 |   }, [id, reset]) = useState<{ id: string; name: string; base_price: number }[]>([])
     | ^^^^^^^^^^^^^^^^^
  59 |
  60 |   const { register, control, handleSubmit, watch, setValue, reset, formState: { errors } }...
  61 |     resolver: zodResolver(schema),

Parsing ecmascript source code failed


    at <unknown> (./app/invoices/[id]/edit/page.tsx:36:9)
    at <unknown> (./app/quotations/[id]/edit/page.tsx:35:9)
    at <unknown> (./app/invoices/[id]/edit/page.tsx:38:3)
    at <unknown> (./app/quotations/[id]/edit/page.tsx:37:3)
