
> crm-app@0.1.0 build
> next build

Γû▓ Next.js 16.3.4 (Turbopack)
- Environments: .env.local
Γ£ô Running next.config.ts took 70ms

ΓÜá The "middleware" file convention is deprecated. Please use "proxy" instead.

  To migrate automatically, run:
  npx @next/codemod@canary middleware-to-proxy .

  Learn more: https://nextjs.org/docs/messages/middleware-to-proxy
  Creating an optimized production build ...
Γ£ô Compiled successfully in 8.1s
  Running TypeScript ...
  Finished TypeScript in 14.0s ...
  Collecting page data using 3 workers ...
  Generating static pages using 3 workers (0/16) ...
  Generating static pages using 3 workers (4/16) 
  Generating static pages using 3 workers (8/16) 
  Generating static pages using 3 workers (12/16) 
Γ£ô Generating static pages using 3 workers (16/16) in 1144ms
  Finalizing page optimization ...

Route (app)
Γöî Γùï /
Γö£ Γùï /_not-found
Γö£ ╞Æ /api/debug/check-items
Γö£ ╞Æ /api/debug/currency-check
Γö£ ╞Æ /api/payments/checkout
Γö£ ╞Æ /api/payments/test
Γö£ ╞Æ /api/payments/webhook
Γö£ ╞Æ /api/paypal/connect
Γö£ ╞Æ /api/paypal/connect/callback
Γö£ ╞Æ /api/public/invoice/[id]
Γö£ ╞Æ /api/settings/email/test
Γö£ ╞Æ /api/settings/payments
Γö£ ╞Æ /api/stripe/connect
Γö£ ╞Æ /api/stripe/connect/callback
Γö£ Γùï /login
Γö£ Γùï /onboarding
Γö£ ╞Æ /pay/[id]
Γö£ Γùï /register
Γöö Γùï /settings/payments


╞Æ Proxy (Middleware)

Γùï  (Static)   prerendered as static content
╞Æ  (Dynamic)  server-rendered on demand

