
> crm-app@0.1.0 build
> next build

Γû▓ Next.js 16.3.4 (Turbopack)
- Environments: .env.local
Γ£ô Running next.config.ts took 72ms

ΓÜá The "middleware" file convention is deprecated. Please use "proxy" instead.

  To migrate automatically, run:
  npx @next/codemod@canary middleware-to-proxy .

  Learn more: https://nextjs.org/docs/messages/middleware-to-proxy
  Creating an optimized production build ...

> Build error occurred
Error: Turbopack build failed with 1 error:
./app/settings/payments/page.tsx:60:9
Error: Expected ',', got 'ident'
  58 |         method: "POST",
  59 |         headers: { "Content-Type": "application/json" }
> 60 |         body: JSON.stringify(settings)
     |         ^^^^
  61 |       })
  62 |       if (!res.ok) throw new Error("Failed to save")
  63 |       toast.success("Settings saved!")

Parsing ecmascript source code failed


    at <unknown> (./app/settings/payments/page.tsx:60:9)
