
> crm-app@0.1.0 build
> next build

Γû▓ Next.js 16.3.4 (Turbopack)
- Environments: .env.local
Γ£ô Running next.config.ts took 86ms

ΓÜá The "middleware" file convention is deprecated. Please use "proxy" instead.

  To migrate automatically, run:
  npx @next/codemod@canary middleware-to-proxy .

  Learn more: https://nextjs.org/docs/messages/middleware-to-proxy
  Creating an optimized production build ...
Γ£ô Compiled successfully in 8.1s
  Running TypeScript ...
app/invoices/[id]/page.tsx(90,12): error TS2304: Cannot find name 'Button'.
app/invoices/[id]/page.tsx(91,14): error TS2304: Cannot find name 'Link'.
app/invoices/[id]/page.tsx(91,71): error TS2304: Cannot find name 'Link'.
app/invoices/[id]/page.tsx(92,13): error TS2304: Cannot find name 'Button'.
app/invoices/[id]/page.tsx(98,10): error TS2304: Cannot find name 'InvoiceActions'.
app/quotations/[id]/page.tsx(89,12): error TS2304: Cannot find name 'Button'.
app/quotations/[id]/page.tsx(90,14): error TS2304: Cannot find name 'Link'.
app/quotations/[id]/page.tsx(90,73): error TS2304: Cannot find name 'Link'.
app/quotations/[id]/page.tsx(91,13): error TS2304: Cannot find name 'Button'.
app/quotations/[id]/page.tsx(97,10): error TS2304: Cannot find name 'QuotationActions'.
Failed to type check.

