
> crm-app@0.1.0 build
> next build

Γû▓ Next.js 16.3.4 (Turbopack)
- Environments: .env.local
Γ£ô Running next.config.ts took 89ms

ΓÜá The "middleware" file convention is deprecated. Please use "proxy" instead.

  To migrate automatically, run:
  npx @next/codemod@canary middleware-to-proxy .

  Learn more: https://nextjs.org/docs/messages/middleware-to-proxy
  Creating an optimized production build ...

> Build error occurred
Error: Turbopack build failed with 1 error:
./app/payments/page.tsx:55:147
Error: Expected '</', got '}'
  53 | ...
  54 | ...
> 55 | ..."all" ? "bg-blue-600 text-white" : "border"}>All</button>
     |                                               ^
  56 | ...r === "completed" ? "bg-blue-600 text-white" : "border"}>Completed</button>
  57 | ...=== "pending" ? "bg-blue-600 text-white" : "border"}>Pending</button>
  58 | ...

Parsing ecmascript source code failed


    at <unknown> (./app/payments/page.tsx:55:147)
