
> crm-app@0.1.0 build
> next build

Γû▓ Next.js 16.3.4 (Turbopack)
- Environments: .env.local
Γ£ô Running next.config.ts took 47ms

ΓÜá The "middleware" file convention is deprecated. Please use "proxy" instead.

  To migrate automatically, run:
  npx @next/codemod@canary middleware-to-proxy .

  Learn more: https://nextjs.org/docs/messages/middleware-to-proxy
  Creating an optimized production build ...

> Build error occurred
Error: Turbopack build failed with 1 error:
./app/quotations/[id]/page.tsx:104:26
Error: Unterminated template
  102 |           </Button>
  103 |           <Button variant="outline" asChild>
> 104 |             <Link href={\`/quotations/\${id}/edit\`}>Edit Quotation</Link>
      |                          ^^^^^^^^^^^^^^^^^^^^^^^^^^^^^^^^^^^^^^^^^^^^^^^^
> 105 |           </Button>
      | ^^^^^^^^^^^^^^^^^^^
> 106 |         </div>
      | ^^^^^^^^^^^^^^
> 107 |       </div>
      | ^^^^^^^^^^^^
> 108 |
      | ^
> 109 |       <div className="grid grid-cols-1 lg:grid-cols-3 gap-6 print:hidden">
      | ^^^^^^^^^^^^^^^^^^^^^^^^^^^^^^^^^^^^^^^^^^^^^^^^^^^^^^^^^^^^^^^^^^^^^^^^^^
> 110 |         <div className="lg:col-span-2 space-y-6">
      | ^^^^^^^^^^^^^^^^^^^^^^^^^^^^^^^^^^^^^^^^^^^^^^^^^
> 111 |           <Card>
      | ^^^^^^^^^^^^^^^^
> 112 |             <CardHeader>
      | ^^^^^^^^^^^^^^^^^^^^^^^^
> 113 |               <CardTitle>Line Items</CardTitle>
      | ^^^^^^^^^^^^^^^^^^^^^^^^^^^^^^^^^^^^^^^^^^^^^^^
> 114 |             </CardHeader>
      | ^^^^^^^^^^^^^^^^^^^^^^^^^
> 115 |             <CardContent>
      | ^^^^^^^^^^^^^^^^^^^^^^^^^
> 116 |               <Table>
      | ^^^^^^^^^^^^^^^^^^^^^
> 117 |                 <TableHeader>
      | ^^^^^^^^^^^^^^^^^^^^^^^^^^^^^
> 118 |                   <TableRow>
      | ^^^^^^^^^^^^^^^^^^^^^^^^^^^^
> 119 |                     <TableHead>Service</TableHead>
      | ^^^^^^^^^^^^^^^^^^^^^^^^^^^^^^^^^^^^^^^^^^^^^^^^^^
> 120 |                     <TableHead>Quantity</TableHead>
      | ^^^^^^^^^^^^^^^^^^^^^^^^^^^^^^^^^^^^^^^^^^^^^^^^^^^
> 121 |                     <TableHead>Unit Price</TableHead>
      | ^^^^^^^^^^^^^^^^^^^^^^^^^^^^^^^^^^^^^^^^^^^^^^^^^^^^^
> 122 |                     <TableHead className="text-right">Total</TableHead>
      | ^^^^^^^^^^^^^^^^^^^^^^^^^^^^^^^^^^^^^^^^^^^^^^^^^^^^^^^^^^^^^^^^^^^^^^^
> 123 |                   </TableRow>
      | ^^^^^^^^^^^^^^^^^^^^^^^^^^^^^
> 124 |                 </TableHeader>
      | ^^^^^^^^^^^^^^^^^^^^^^^^^^^^^^
> 125 |                 <TableBody>
      | ^^^^^^^^^^^^^^^^^^^^^^^^^^^
> 126 |                   {quotation.quotation_items.length > 0 ? (
      | ^^^^^^^^^^^^^^^^^^^^^^^^^^^^^^^^^^^^^^^^^^^^^^^^^^^^^^^^^^^
> 127 |                     quotation.quotation_items.map((item: any) => (
      | ^^^^^^^^^^^^^^^^^^^^^^^^^^^^^^^^^^^^^^^^^^^^^^^^^^^^^^^^^^^^^^^^^^
> 128 |                       <TableRow key={item.id}>
      | ^^^^^^^^^^^^^^^^^^^^^^^^^^^^^^^^^^^^^^^^^^^^^^
> 129 |                         <TableCell>
      | ^^^^^^^^^^^^^^^^^^^^^^^^^^^^^^^^^^^
> 130 |                           <div className="flex flex-col">
      | ^^^^^^^^^^^^^^^^^^^^^^^^^^^^^^^^^^^^^^^^^^^^^^^^^^^^^^^^^
> 131 |                             <span className="font-medium">{item.services?.name || item.de...
      | ^^^^^^^^^^^^^^^^^^^^^^^^^^^^^^^^^^^^^^^^^^^^^^^^^^^^^^^^^^^^^^^^^^^^^^^^^^^^^^^^^^^^^^^^^^^^
> 132 |                             <span className="text-xs text-slate-500">{item.description}</...
      | ^^^^^^^^^^^^^^^^^^^^^^^^^^^^^^^^^^^^^^^^^^^^^^^^^^^^^^^^^^^^^^^^^^^^^^^^^^^^^^^^^^^^^^^^^^^^
> 133 |                           </div>
      | ^^^^^^^^^^^^^^^^^^^^^^^^^^^^^^^^
> 134 |                         </TableCell>
      | ^^^^^^^^^^^^^^^^^^^^^^^^^^^^^^^^^^^^
> 135 |                         <TableCell>{item.quantity}</TableCell>
      | ^^^^^^^^^^^^^^^^^^^^^^^^^^^^^^^^^^^^^^^^^^^^^^^^^^^^^^^^^^^^^^
> 136 |                         <TableCell>{new Intl.NumberFormat('en-US', { style: 'currency', c...
      | ^^^^^^^^^^^^^^^^^^^^^^^^^^^^^^^^^^^^^^^^^^^^^^^^^^^^^^^^^^^^^^^^^^^^^^^^^^^^^^^^^^^^^^^^^^^^
> 137 |                         <TableCell className="text-right font-medium">
      | ^^^^^^^^^^^^^^^^^^^^^^^^^^^^^^^^^^^^^^^^^^^^^^^^^^^^^^^^^^^^^^^^^^^^^^
> 138 |                           {new Intl.NumberFormat('en-US', { style: 'currency', currency: ...
      | ^^^^^^^^^^^^^^^^^^^^^^^^^^^^^^^^^^^^^^^^^^^^^^^^^^^^^^^^^^^^^^^^^^^^^^^^^^^^^^^^^^^^^^^^^^^^
> 139 |                         </TableCell>
      | ^^^^^^^^^^^^^^^^^^^^^^^^^^^^^^^^^^^^
> 140 |                       </TableRow>
      | ^^^^^^^^^^^^^^^^^^^^^^^^^^^^^^^^^
> 141 |                     ))
      | ^^^^^^^^^^^^^^^^^^^^^^
> 142 |                   ) : (
      | ^^^^^^^^^^^^^^^^^^^^^^^
> 143 |                     <TableRow>
      | ^^^^^^^^^^^^^^^^^^^^^^^^^^^^^^
> 144 |                       <TableCell colSpan={4} className="text-center text-slate-500 py-8">
      | ^^^^^^^^^^^^^^^^^^^^^^^^^^^^^^^^^^^^^^^^^^^^^^^^^^^^^^^^^^^^^^^^^^^^^^^^^^^^^^^^^^^^^^^^^
> 145 |                         No items in this quotation.
      | ^^^^^^^^^^^^^^^^^^^^^^^^^^^^^^^^^^^^^^^^^^^^^^^^^^^
> 146 |                       </TableCell>
      | ^^^^^^^^^^^^^^^^^^^^^^^^^^^^^^^^^^
> 147 |                     </TableRow>
      | ^^^^^^^^^^^^^^^^^^^^^^^^^^^^^^^
> 148 |                   )}
      | ^^^^^^^^^^^^^^^^^^^^
> 149 |                   <TableRow>
      | ^^^^^^^^^^^^^^^^^^^^^^^^^^^^
> 150 |                     <TableCell colSpan={3} className="text-right font-bold">Grand Total</...
      | ^^^^^^^^^^^^^^^^^^^^^^^^^^^^^^^^^^^^^^^^^^^^^^^^^^^^^^^^^^^^^^^^^^^^^^^^^^^^^^^^^^^^^^^^^^^^
> 151 |                     <TableCell className="text-right font-bold text-lg">
      | ^^^^^^^^^^^^^^^^^^^^^^^^^^^^^^^^^^^^^^^^^^^^^^^^^^^^^^^^^^^^^^^^^^^^^^^^
> 152 |                       {new Intl.NumberFormat('en-US', { style: 'currency', currency: 'USD...
      | ^^^^^^^^^^^^^^^^^^^^^^^^^^^^^^^^^^^^^^^^^^^^^^^^^^^^^^^^^^^^^^^^^^^^^^^^^^^^^^^^^^^^^^^^^^^^
> 153 |                     </TableCell>
      | ^^^^^^^^^^^^^^^^^^^^^^^^^^^^^^^^
> 154 |                   </TableRow>
      | ^^^^^^^^^^^^^^^^^^^^^^^^^^^^^
> 155 |                 </TableBody>
      | ^^^^^^^^^^^^^^^^^^^^^^^^^^^^
> 156 |               </Table>
      | ^^^^^^^^^^^^^^^^^^^^^^
> 157 |             </CardContent>
      | ^^^^^^^^^^^^^^^^^^^^^^^^^^
> 158 |           </Card>
      | ^^^^^^^^^^^^^^^^^
> 159 |         </div>
      | ^^^^^^^^^^^^^^
> 160 |
      | ^
> 161 |         <div className="space-y-6">
      | ^^^^^^^^^^^^^^^^^^^^^^^^^^^^^^^^^^^
> 162 |           <Card>
      | ^^^^^^^^^^^^^^^^
> 163 |             <CardHeader>
      | ^^^^^^^^^^^^^^^^^^^^^^^^
> 164 |               <CardTitle>Details</CardTitle>
      | ^^^^^^^^^^^^^^^^^^^^^^^^^^^^^^^^^^^^^^^^^^^^
> 165 |             </CardHeader>
      | ^^^^^^^^^^^^^^^^^^^^^^^^^
> 166 |             <CardContent className="space-y-4">
      | ^^^^^^^^^^^^^^^^^^^^^^^^^^^^^^^^^^^^^^^^^^^^^^^
> 167 |               <div className="flex justify-between items-center">
      | ^^^^^^^^^^^^^^^^^^^^^^^^^^^^^^^^^^^^^^^^^^^^^^^^^^^^^^^^^^^^^^^^^
> 168 |                 <span className="text-slate-500">Status</span>
      | ^^^^^^^^^^^^^^^^^^^^^^^^^^^^^^^^^^^^^^^^^^^^^^^^^^^^^^^^^^^^^^
> 169 |                 <span className={cn("px-2 py-1 rounded-full text-xs font-medium flex item...
      | ^^^^^^^^^^^^^^^^^^^^^^^^^^^^^^^^^^^^^^^^^^^^^^^^^^^^^^^^^^^^^^^^^^^^^^^^^^^^^^^^^^^^^^^^^^^^
> 170 |                   <StatusIcon className="h-3 w-3" />
      | ^^^^^^^^^^^^^^^^^^^^^^^^^^^^^^^^^^^^^^^^^^^^^^^^^^^^
> 171 |                   {quotation.status}
      | ^^^^^^^^^^^^^^^^^^^^^^^^^^^^^^^^^^^^
> 172 |                 </span>
      | ^^^^^^^^^^^^^^^^^^^^^^^
> 173 |               </div>
      | ^^^^^^^^^^^^^^^^^^^^
> 174 |               <div className="flex justify-between items-center">
      | ^^^^^^^^^^^^^^^^^^^^^^^^^^^^^^^^^^^^^^^^^^^^^^^^^^^^^^^^^^^^^^^^^
> 175 |                 <span className="text-slate-500">Date Created</span>
      | ^^^^^^^^^^^^^^^^^^^^^^^^^^^^^^^^^^^^^^^^^^^^^^^^^^^^^^^^^^^^^^^^^^^^
> 176 |                 <span className="text-sm">{new Date(quotation.issue_date || quotation.cre...
      | ^^^^^^^^^^^^^^^^^^^^^^^^^^^^^^^^^^^^^^^^^^^^^^^^^^^^^^^^^^^^^^^^^^^^^^^^^^^^^^^^^^^^^^^^^^^^
> 177 |               </div>
      | ^^^^^^^^^^^^^^^^^^^^
> 178 |               <div className="flex justify-between items-center">
      | ^^^^^^^^^^^^^^^^^^^^^^^^^^^^^^^^^^^^^^^^^^^^^^^^^^^^^^^^^^^^^^^^^
> 179 |                 <span className="text-slate-500">Valid Until</span>
      | ^^^^^^^^^^^^^^^^^^^^^^^^^^^^^^^^^^^^^^^^^^^^^^^^^^^^^^^^^^^^^^^^^^^
> 180 |                 <span className="text-sm">{quotation.expiry_date ? new Date(quotation.exp...
      | ^^^^^^^^^^^^^^^^^^^^^^^^^^^^^^^^^^^^^^^^^^^^^^^^^^^^^^^^^^^^^^^^^^^^^^^^^^^^^^^^^^^^^^^^^^^^
> 181 |               </div>
      | ^^^^^^^^^^^^^^^^^^^^
> 182 |               <div className="pt-4 border-t">
      | ^^^^^^^^^^^^^^^^^^^^^^^^^^^^^^^^^^^^^^^^^^^^^
> 183 |                 <span className="text-slate-500 block mb-2">Client</span>
      | ^^^^^^^^^^^^^^^^^^^^^^^^^^^^^^^^^^^^^^^^^^^^^^^^^^^^^^^^^^^^^^^^^^^^^^^^^
> 184 |                 {quotation.clients ? (
      | ^^^^^^^^^^^^^^^^^^^^^^^^^^^^^^^^^^^^^^
> 185 |                   <div className="flex flex-col">
      | ^^^^^^^^^^^^^^^^^^^^^^^^^^^^^^^^^^^^^^^^^^^^^^^^^
> 186 |                     <span className="font-bold">{quotation.clients.full_name}</span>
      | ^^^^^^^^^^^^^^^^^^^^^^^^^^^^^^^^^^^^^^^^^^^^^^^^^^^^^^^^^^^^^^^^^^^^^^^^^^^^^^^^^^^^
> 187 |                     {quotation.clients.company_name && <span className="text-sm text-slat...
      | ^^^^^^^^^^^^^^^^^^^^^^^^^^^^^^^^^^^^^^^^^^^^^^^^^^^^^^^^^^^^^^^^^^^^^^^^^^^^^^^^^^^^^^^^^^^^
> 188 |                     {quotation.clients.email && <span className="text-sm text-slate-600">...
      | ^^^^^^^^^^^^^^^^^^^^^^^^^^^^^^^^^^^^^^^^^^^^^^^^^^^^^^^^^^^^^^^^^^^^^^^^^^^^^^^^^^^^^^^^^^^^
> 189 |                   </div>
      | ^^^^^^^^^^^^^^^^^^^^^^^^
> 190 |                 ) : (
      | ^^^^^^^^^^^^^^^^^^^^^
> 191 |                   <span className="text-slate-400 text-sm">No client info</span>
      | ^^^^^^^^^^^^^^^^^^^^^^^^^^^^^^^^^^^^^^^^^^^^^^^^^^^^^^^^^^^^^^^^^^^^^^^^^^^^^^^^
> 192 |                 )}
      | ^^^^^^^^^^^^^^^^^^
> 193 |               </div>
      | ^^^^^^^^^^^^^^^^^^^^
> 194 |             </CardContent>
      | ^^^^^^^^^^^^^^^^^^^^^^^^^^
> 195 |           </Card>
      | ^^^^^^^^^^^^^^^^^
> 196 |         </div>
      | ^^^^^^^^^^^^^^
> 197 |       </div>
      | ^^^^^^^^^^^^
> 198 |     </div>
      | ^^^^^^^^^^
> 199 |   );
      | ^^^^
> 200 | }
      | ^
> 201 |
      | ^

Parsing ecmascript source code failed


    at <unknown> (./app/quotations/[id]/page.tsx:104:26)
