
> crm-app@0.1.0 build
> next build

Γû▓ Next.js 16.3.4 (Turbopack)
- Environments: .env.local
Γ£ô Running next.config.ts took 58ms

ΓÜá The "middleware" file convention is deprecated. Please use "proxy" instead.

  To migrate automatically, run:
  npx @next/codemod@canary middleware-to-proxy .

  Learn more: https://nextjs.org/docs/messages/middleware-to-proxy
  Creating an optimized production build ...
Γ£ô Compiled successfully in 3.0s
  Running TypeScript ...
  Finished TypeScript in 5.8s ...
  Collecting page data using 3 workers ...
  Generating static pages using 3 workers (0/30) ...
  Generating static pages using 3 workers (7/30) 
  Generating static pages using 3 workers (14/30) 
  Generating static pages using 3 workers (22/30) 
Γ£ô Generating static pages using 3 workers (30/30) in 1843ms
  Finalizing page optimization ...

Route (app)
Γöî Γùï /
Γö£ Γùï /_not-found
Γö£ ╞Æ /api/debug/check-items
Γö£ ╞Æ /api/debug/currency-check
Γö£ ╞Æ /api/payments/checkout
Γö£ ╞Æ /api/payments/test
Γö£ ╞Æ /api/payments/webhook
Γö£ ╞Æ /api/paypal/connect
Γö£ ╞Æ /api/paypal/connect/callback
Γö£ ╞Æ /api/public/invoice/[id]
Γö£ ╞Æ /api/settings/email/test
Γö£ ╞Æ /api/settings/payments
Γö£ ╞Æ /api/stripe/connect
Γö£ ╞Æ /api/stripe/connect/callback
Γö£ ╞Æ /clients
Γö£ ╞Æ /clients/[id]
Γö£ ╞Æ /clients/[id]/edit
Γö£ Γùï /clients/new
Γö£ ╞Æ /dashboard
Γö£ ╞Æ /invoices
Γö£ ╞Æ /invoices/[id]
Γö£ ╞Æ /invoices/[id]/edit
Γö£ Γùï /invoices/new
Γö£ Γùï /login
Γö£ Γùï /onboarding
Γö£ ╞Æ /pay/[id]
Γö£ Γùï /payments
Γö£ ╞Æ /quotations
Γö£ ╞Æ /quotations/[id]
Γö£ ╞Æ /quotations/[id]/edit
Γö£ Γùï /quotations/new
Γö£ Γùï /register
Γö£ ╞Æ /services
Γö£ ╞Æ /services/[id]/edit
Γö£ Γùï /services/new
Γö£ Γùï /settings
Γö£ Γùï /settings/notifications
Γö£ Γùï /settings/payments
Γö£ Γùï /settings/profile
Γöö Γùï /settings/security


╞Æ Proxy (Middleware)

Γùï  (Static)   prerendered as static content
╞Æ  (Dynamic)  server-rendered on demand

