
> crm-app@0.1.0 build
> next build

Γû▓ Next.js 16.3.4 (Turbopack)
- Environments: .env.local
Γ£ô Running next.config.ts took 91ms

ΓÜá The "middleware" file convention is deprecated. Please use "proxy" instead.

  To migrate automatically, run:
  npx @next/codemod@canary middleware-to-proxy .

  Learn more: https://nextjs.org/docs/messages/middleware-to-proxy
  Creating an optimized production build ...
Γ£ô Compiled successfully in 1899ms
  Running TypeScript ...
  Finished TypeScript in 8.4s ...
  Collecting page data using 3 workers ...
  Generating static pages using 3 workers (0/22) ...
  Generating static pages using 3 workers (5/22) 
  Generating static pages using 3 workers (10/22) 
  Generating static pages using 3 workers (16/22) 
Γ£ô Generating static pages using 3 workers (22/22) in 1649ms
  Finalizing page optimization ...

Route (app)
Γöî Γùï /
Γö£ Γùï /_not-found
Γö£ ╞Æ /api/payments/checkout
Γö£ ╞Æ /api/payments/webhook
Γö£ ╞Æ /api/settings/payments
Γö£ ╞Æ /clients
Γö£ ╞Æ /clients/[id]
Γö£ ╞Æ /clients/[id]/edit
Γö£ Γùï /clients/new
Γö£ ╞Æ /dashboard
Γö£ ╞Æ /invoices
Γö£ ╞Æ /invoices/[id]
Γö£ ╞Æ /invoices/[id]/edit
Γö£ Γùï /invoices/new
Γö£ Γùï /login
Γö£ Γùï /onboarding
Γö£ Γùï /payments
Γö£ ╞Æ /quotations
Γö£ ╞Æ /quotations/[id]
Γö£ ╞Æ /quotations/[id]/edit
Γö£ Γùï /quotations/new
Γö£ Γùï /register
Γö£ ╞Æ /services
Γö£ ╞Æ /services/[id]/edit
Γö£ Γùï /services/new
Γö£ Γùï /settings
Γöö Γùï /settings/payments


╞Æ Proxy (Middleware)

Γùï  (Static)   prerendered as static content
╞Æ  (Dynamic)  server-rendered on demand

